Error finalizing file: ItaliaTrack_ArmTwoSeatSofa_ItalianTexturedWeaveWhite_Bronze_prod14970116_E67799715_P_CC.psb TypeError: null is not an objectError finalizing file: Maddox_SlimArmModularArmlessChair_PerformanceVelvetFog_prod20190008_E914380064_TQ_CC.psb TypeError: null is not an objectError finalizing file: Maddox_SlimArmModularEosOttoman_PerformanceVelvetFog_prod20190010_E21438025_TQ_CC.psb TypeError: null is not an objectError finalizing file: Costera_NewTaperArmModularUSofaSectional_PerennialsTexturedLinenWeaveNatural_prod17480029_E711909979_FH_CC.psb Error: No such elementError finalizing file: Costera_NewTaperArmModularUSofaSectional_PerennialsTexturedLinenWeaveNatural_prod17480029_E711909979_TQ_CC.psb Error: No such elementError finalizing file: Costera_TaperArmLeftArmLSectionalBtf_PerennialsTexturedLinenWeaveNatural_prod22500076_E416119946_FH_CC.psb TypeError: null is not an objectError finalizing file: Costera_TaperArmLeftArmLSectionalBtf_PerennialsTexturedLinenWeaveNatural_prod22500076_E416119946_TQ_CC.psb TypeError: null is not an objectError finalizing file: ModenaShelterArm_Chaise_ItalianTexturedWeaveFog_EspressoOak_prod7551750_E77805019_F_CC.psb TypeError: null is not an objectError finalizing file: ModenaShelterArm_Chaise_ItalianTexturedWeaveFog_EspressoOak_prod7551750_E77805019_TQB_CC.psb TypeError: null is not an objectError finalizing file: Lugano_UpholsteredChair_LustrousVelvetFog_prod21350025_E915559753_F_CC.psb TypeError: null is not an objectError finalizing file: Lugano_UpholsteredChair_LustrousVelvetFog_prod21350025_E915559753_P_CC.psb TypeError: null is not an objectError finalizing file: Lugano_UpholsteredChair_LustrousVelvetFog_prod21350025_E915559753_TQB_CC.psb TypeError: null is not an objectError finalizing file: Lugano_UpholsteredLeftArmSofaChaiseSectionalBtf_LustrousVelvetFog_prod22500104_E91612523_FH_CC.psb TypeError: null is not an objectError finalizing file: Lugano_UpholsteredLeftArmSofaChaiseSectionalBtf_LustrousVelvetFog_prod22500104_E91612523_TQ_CC.psb TypeError: null is not an objectError finalizing file: Lugano_UpholsteredModularArmlessChair_LustrousVelvetFog_prod21350028_E15559952_TQ_CC.psb TypeError: null is not an objectError finalizing file: Lugano_UpholsteredModularLeftArmLSectional_LustrousVelvetFog_prod21350042_E1556111_FH_CC.psb TypeError: null is not an objectError finalizing file: Lugano_UpholsteredModularLeftArmLSectional_LustrousVelvetFog_prod21350042_E1556111_TQ_CC.psb TypeError: null is not an objectError finalizing file: Lugano_UpholsteredModularRightArmSofaChaiseSectional_LustrousVelvetFog_prod21350043_E51683682_FH_CC.psb TypeError: null is not an objectError finalizing file: Lugano_UpholsteredModularRightArmSofaChaiseSectional_LustrousVelvetFog_prod21350043_E51683682_TQ_CC.psb TypeError: null is not an objectError finalizing file: Lugano_UpholsteredModularUSofaSectional_LustrousVelvetFog_prod21350041_E515561055_TQ_CC.psb TypeError: null is not an objectError finalizing file: Davos_SingleVanity_BASE_ONLY_GreigeOak_prod32480790_E116033237_F_CC.psb Error: No such elementError finalizing file: Breton_102inFabricCanopyBed_NewNaturalOak_Brass_prod32760188_E21918230042_F_CC.psb Error: No such elementError finalizing file: Breton_SplitSwatch_NewNaturalOak_Brass_1940004_E22919474038_O_RS_Frank.psb Error: No such element